Archive member included to satisfy reference by file (symbol)

/opt/devkitpro/portlibs/switch/lib/libcurl.a(libcurl_la-easy.o)
                              download.o (curl_easy_init)
/opt/devkitpro/portlibs/switch/lib/libcurl.a(libcurl_la-connect.o)
                              /opt/devkitpro/portlibs/switch/lib/libcurl.a(libcurl_la-easy.o) (Curl_getconnectinfo)
/opt/devkitpro/portlibs/switch/lib/libcurl.a(libcurl_la-multi.o)
                              /opt/devkitpro/portlibs/switch/lib/libcurl.a(libcurl_la-easy.o) (Curl_multi_handle)
/opt/devkitpro/portlibs/switch/lib/libcurl.a(libcurl_la-http_digest.o)
                              /opt/devkitpro/portlibs/switch/lib/libcurl.a(libcurl_la-easy.o) (Curl_digest_cleanup)
/opt/devkitpro/portlibs/switch/lib/libcurl.a(libcurl_la-strerror.o)
                              download.o (curl_easy_strerror)
/opt/devkitpro/portlibs/switch/lib/libcurl.a(libcurl_la-select.o)
                              /opt/devkitpro/portlibs/switch/lib/libcurl.a(libcurl_la-easy.o) (Curl_wait_ms)
/opt/devkitpro/portlibs/switch/lib/libcurl.a(libcurl_la-splay.o)
                              /opt/devkitpro/portlibs/switch/lib/libcurl.a(libcurl_la-multi.o) (Curl_splay)
/opt/devkitpro/portlibs/switch/lib/libcurl.a(libcurl_la-strdup.o)
                              /opt/devkitpro/portlibs/switch/lib/libcurl.a(libcurl_la-easy.o) (Curl_memdup)
/opt/devkitpro/portlibs/switch/lib/libcurl.a(libcurl_la-slist.o)
                              /opt/devkitpro/portlibs/switch/lib/libcurl.a(libcurl_la-easy.o) (Curl_slist_duplicate)
/opt/devkitpro/portlibs/switch/lib/libcurl.a(libcurl_la-nonblock.o)
                              /opt/devkitpro/portlibs/switch/lib/libcurl.a(libcurl_la-connect.o) (curlx_nonblock)
/opt/devkitpro/portlibs/switch/lib/libcurl.a(libcurl_la-warnless.o)
                              /opt/devkitpro/portlibs/switch/lib/libcurl.a(libcurl_la-multi.o) (curlx_uztosi)
/opt/devkitpro/portlibs/switch/lib/libcurl.a(libcurl_la-http_proxy.o)
                              /opt/devkitpro/portlibs/switch/lib/libcurl.a(libcurl_la-multi.o) (Curl_connect_complete)
/opt/devkitpro/portlibs/switch/lib/libcurl.a(libcurl_la-conncache.o)
                              /opt/devkitpro/portlibs/switch/lib/libcurl.a(libcurl_la-multi.o) (Curl_conncache_init)
/opt/devkitpro/portlibs/switch/lib/libcurl.a(libcurl_la-pipeline.o)
                              /opt/devkitpro/portlibs/switch/lib/libcurl.a(libcurl_la-multi.o) (Curl_add_handle_to_pipeline)
/opt/devkitpro/portlibs/switch/lib/libcurl.a(libcurl_la-mime.o)
                              /opt/devkitpro/portlibs/switch/lib/libcurl.a(libcurl_la-easy.o) (Curl_mime_initpart)
/opt/devkitpro/portlibs/switch/lib/libcurl.a(libcurl_la-setopt.o)
                              /opt/devkitpro/portlibs/switch/lib/libcurl.a(libcurl_la-easy.o) (Curl_setstropt)
/opt/devkitpro/portlibs/switch/lib/libcurl.a(libcurl_la-curl_ctype.o)
                              /opt/devkitpro/portlibs/switch/lib/libcurl.a(libcurl_la-http_digest.o) (Curl_isspace)
/opt/devkitpro/portlibs/switch/lib/libcurl.a(libcurl_la-digest.o)
                              /opt/devkitpro/portlibs/switch/lib/libcurl.a(libcurl_la-http_digest.o) (Curl_auth_create_digest_http_message)
/opt/devkitpro/portlibs/switch/lib/libcurl.a(libcurl_la-timeval.o)
                              /opt/devkitpro/portlibs/switch/lib/libcurl.a(libcurl_la-easy.o) (Curl_now)
/opt/devkitpro/portlibs/switch/lib/libcurl.a(libcurl_la-base64.o)
                              /opt/devkitpro/portlibs/switch/lib/libcurl.a(libcurl_la-digest.o) (Curl_base64_decode)
/opt/devkitpro/portlibs/switch/lib/libcurl.a(libcurl_la-hostip.o)
                              /opt/devkitpro/portlibs/switch/lib/libcurl.a(libcurl_la-multi.o) (Curl_global_host_cache_init)
/opt/devkitpro/portlibs/switch/lib/libcurl.a(libcurl_la-progress.o)
                              /opt/devkitpro/portlibs/switch/lib/libcurl.a(libcurl_la-connect.o) (Curl_pgrsTime)
/opt/devkitpro/portlibs/switch/lib/libcurl.a(libcurl_la-cookie.o)
                              /opt/devkitpro/portlibs/switch/lib/libcurl.a(libcurl_la-setopt.o) (Curl_cookie_add)
/opt/devkitpro/portlibs/switch/lib/libcurl.a(libcurl_la-http.o)
                              /opt/devkitpro/portlibs/switch/lib/libcurl.a(libcurl_la-multi.o) (Curl_http_connect)
/opt/devkitpro/portlibs/switch/lib/libcurl.a(libcurl_la-sendf.o)
                              /opt/devkitpro/portlibs/switch/lib/libcurl.a(libcurl_la-connect.o) (Curl_recv_has_postponed_data)
/opt/devkitpro/portlibs/switch/lib/libcurl.a(libcurl_la-url.o)
                              /opt/devkitpro/portlibs/switch/lib/libcurl.a(libcurl_la-easy.o) (Curl_freeset)
/opt/devkitpro/portlibs/switch/lib/libcurl.a(libcurl_la-dict.o)
                              /opt/devkitpro/portlibs/switch/lib/libcurl.a(libcurl_la-url.o) (Curl_handler_dict)
/opt/devkitpro/portlibs/switch/lib/libcurl.a(libcurl_la-if2ip.o)
[...]
Memory Configuration

Name             Origin             Length             Attributes
*default*        0x0000000000000000 0xffffffffffffffff

Linker script and memory map

                0x0000000000000000                PROVIDE (__start__ = 0x0)
                0x0000000000000000                . = __start__

.crt0           0x0000000000000000      0x150
 *(.crt0)
 .crt0          0x0000000000000000      0x14c /opt/devkitpro/libnx/lib/libnx.a(switch_crt0.o)
                0x0000000000000000                _start
                0x0000000000000120                __nx_exit
                0x0000000000000130                __nx_mod0
                0x0000000000000150                . = ALIGN (0x8)
 *fill*         0x000000000000014c        0x4 

.init           0x0000000000000150       0x38
 *(.init)
 .init          0x0000000000000150       0x18 /opt/devkitpro/devkitA64/lib/gcc/aarch64-none-elf/8.2.0/pic/crti.o
                0x0000000000000150                _init
 .init          0x0000000000000168       0x1c /opt/devkitpro/devkitA64/lib/gcc/aarch64-none-elf/8.2.0/pic/crtn.o
                0x0000000000000188                . = ALIGN (0x8)
 *fill*         0x0000000000000184        0x4 

.plt            0x0000000000000188        0x0
 *(.plt)
 .plt           0x0000000000000188        0x0 /opt/devkitpro/devkitA64/lib/gcc/aarch64-none-elf/8.2.0/pic/crti.o
 *(.iplt)
                0x0000000000000188                . = ALIGN (0x8)

.text           0x00000000000001c0    0x764a0
 *(.text.unlikely .text.*_unlikely .text.unlikely.*)
 *(.text.exit .text.exit.*)
 .text.exit     0x00000000000001c0       0x38 /opt/devkitpro/devkitA64/lib/gcc/aarch64-none-elf/8.2.0/../../../../aarch64-none-elf/lib/pic/libg.a(lib_a-exit.o)
                0x00000000000001c0                exit
 *(.text.startup .text.startup.*)
 *fill*         0x00000000000001f8        0x8 
 .text.startup.main
                0x0000000000000200       0x88 main.o
                0x0000000000000200                main
 *(.text.hot .text.hot.*)
 *(.text .stub .text.* .gnu.linkonce.t.*)
 .text.deregister_tm_clones
                0x0000000000000288       0x2c /opt/devkitpro/devkitA64/lib/gcc/aarch64-none-elf/8.2.0/pic/crtbegin.o
 *fill*         0x00000000000002b4        0x4 
 .text.register_tm_clones
                0x00000000000002b8       0x38 /opt/devkitpro/devkitA64/lib/gcc/aarch64-none-elf/8.2.0/pic/crtbegin.o
 .text.__do_global_dtors_aux
                0x00000000000002f0       0x48 /opt/devkitpro/devkitA64/lib/gcc/aarch64-none-elf/8.2.0/pic/crtbegin.o
 .text.frame_dummy
                0x0000000000000338       0x34 /opt/devkitpro/devkitA64/lib/gcc/aarch64-none-elf/8.2.0/pic/crtbegin.o
 *fill*         0x000000000000036c        0x4 
 .text.dnld_header_parse
                0x0000000000000370       0x44 download.o
                0x0000000000000370                dnld_header_parse
 *fill*         0x00000000000003b4        0xc 
 .text.xferinfo
                0x00000000000003c0       0xb8 download.o
                0x00000000000003c0                xferinfo
 *fill*         0x0000000000000478        0x8 
 .text.older_progress
                0x0000000000000480        0xc download.o
                0x0000000000000480                older_progress
 *fill*         0x000000000000048c        0x4 
 .text.curlInit
                0x0000000000000490       0x28 download.o
                0x0000000000000490                curlInit
 *fill*         0x00000000000004b8        0x8 
 .text.curlExit
                0x00000000000004c0       0x14 download.o
                0x00000000000004c0                curlExit
 *fill*         0x00000000000004d4        0xc 
 .text.nXDownloadUpdate
                0x00000000000004e0      0x15c download.o
                0x00000000000004e0                nXDownloadUpdate
 *fill*         0x000000000000063c        0x4 
 .text.FILE_TRANSFER_HTTP_TEMPORALY
                0x0000000000000640      0x1b4 download.o
                0x0000000000000640                FILE_TRANSFER_HTTP_TEMPORALY
 *fill*         0x00000000000007f4        0xc 
 .text.FILE_TRANSFER_HTTP
                0x0000000000000800      0x7a8 download.o
                0x0000000000000800                FILE_TRANSFER_HTTP
 *fill*         0x0000000000000fa8        0x8 
 .text.title    0x0000000000000fb0       0xf4 menuCUI.o
                0x0000000000000fb0                title
 *fill*         0x00000000000010a4        0xc 
 .text.functionExit
                0x00000000000010b0       0x8c menuCUI.o
                0x00000000000010b0                functionExit
 *fill*         0x000000000000113c        0x4 
 .text.menu_options
                0x0000000000001140       0xf0 menuCUI.o
                0x0000000000001140                menu_options
 .text.menu_main
                0x0000000000001230      0x1c8 menuCUI.o
                0x0000000000001230                menu_main
 *fill*         0x00000000000013f8        0x8 
 .text          0x0000000000001400      0xa80 /opt/devkitpro/portlibs/switch/lib/libcurl.a(libcurl_la-easy.o)
                0x0000000000001490                curl_global_init
                0x0000000000001520                curl_global_init_mem
                0x00000000000015b0                curl_global_cleanup
                0x00000000000015d0                curl_easy_init
                0x0000000000001670                curl_easy_perform
                0x0000000000001870                curl_easy_cleanup
                0x0000000000001880                curl_easy_getinfo
                0x00000000000018b0                curl_easy_duphandle
                0x0000000000001b00                curl_easy_reset
                0x0000000000001bb0                curl_easy_pause
                0x0000000000001d20                curl_easy_recv
                0x0000000000001dc0                curl_easy_send
 .text          0x0000000000001e80     0x1710 /opt/devkitpro/portlibs/switch/lib/libcurl.a(libcurl_la-connect.o)
                0x0000000000001f30                Curl_timeleft
                0x0000000000001ff0                Curl_persistconninfo
                0x0000000000002080                Curl_getaddressinfo
                0x0000000000002110                Curl_updateconninfo
                0x0000000000002330                Curl_tcpnodelay
                0x00000000000023c0                Curl_getconnectinfo
                0x0000000000002450                Curl_connalive
                0x00000000000024a0                Curl_closesocket
                0x0000000000002550                Curl_socket
                0x0000000000002fa0                Curl_is_connected
                0x00000000000033d0                Curl_connecthost
                0x0000000000003500                Curl_conncontrol
                0x0000000000003540                Curl_conn_data_pending
 .text          0x0000000000003590     0x3970 /opt/devkitpro/portlibs/switch/lib/libcurl.a(libcurl_la-multi.o)
                0x0000000000003fc0                Curl_multi_handle
                0x0000000000004120                curl_multi_init
                0x0000000000004130                Curl_pipeline_wanted
                0x0000000000004150                Curl_multi_handlePipeBreak
                0x0000000000004160                curl_multi_fdset
                0x0000000000004280                curl_multi_wait
                0x00000000000045f0                Curl_multi_connchanged
                0x0000000000004600                curl_multi_cleanup
                0x0000000000004740                curl_multi_info_read
                0x00000000000047e0                Curl_multi_closed
                0x0000000000004890                curl_multi_setopt
                0x0000000000004b50                curl_multi_timeout
                0x0000000000004bc0                Curl_expire
                0x0000000000004db0                curl_multi_add_handle
                0x0000000000004f40                Curl_multi_add_perform
                0x0000000000004fd0                Curl_expire_done
                0x0000000000004fe0                Curl_expire_clear
                0x00000000000050a0                curl_multi_assign
                0x0000000000005110                Curl_multi_max_host_connections
                0x0000000000005130                Curl_multi_max_total_connections
                0x0000000000005150                Curl_multi_content_length_penalty_size
                0x0000000000005170                Curl_multi_chunk_length_penalty_size
                0x0000000000005190                Curl_multi_pipelining_site_bl
                0x00000000000051a0                Curl_multi_pipelining_server_bl
                0x00000000000051b0                Curl_multi_process_pending_handles
                0x0000000000005240                curl_multi_remove_handle
                0x0000000000006a00                curl_multi_perform
                0x0000000000006d60                curl_multi_socket
                0x0000000000006dd0                curl_multi_socket_action
                0x0000000000006e40                curl_multi_socket_all
                0x0000000000006ea0                Curl_set_in_callback
                0x0000000000006ed0                Curl_is_in_callback
 .text          0x0000000000006f00      0x290 /opt/devkitpro/portlibs/switch/lib/libcurl.a(libcurl_la-http_digest.o)
                0x0000000000006f00                Curl_input_digest
                0x0000000000006f90                Curl_output_digest
                0x0000000000007160                Curl_digest_cleanup
 .text          0x0000000000007190      0x690 /opt/devkitpro/portlibs/switch/lib/libcurl.a(libcurl_la-strerror.o)
                0x0000000000007190                curl_easy_strerror
                0x00000000000075c0                curl_multi_strerror
                0x00000000000076c0                curl_share_strerror
                0x0000000000007750                Curl_strerror
 .text          0x0000000000007820      0x574 /opt/devkitpro/portlibs/switch/lib/libcurl.a(libcurl_la-select.o)
                0x0000000000007820                Curl_wait_ms
                0x0000000000007920                Curl_socket_check
                0x0000000000007bd0                Curl_poll
 *fill*         0x0000000000007d94        0xc 
 .text          0x0000000000007da0      0x38c /opt/devkitpro/portlibs/switch/lib/libcurl.a(libcurl_la-splay.o)
                0x0000000000007da0                Curl_splay
                0x0000000000007ee0                Curl_splayinsert
                0x0000000000007f90                Curl_splaygetbest
                0x0000000000008040                Curl_splayremovebyaddr
 *fill*         0x000000000000812c        0x4 
 .text          0x0000000000008130       0xb0 /opt/devkitpro/portlibs/switch/lib/libcurl.a(libcurl_la-strdup.o)
                0x0000000000008130                Curl_memdup
                0x0000000000008180                Curl_saferealloc
 .text          0x00000000000081e0      0x22c /opt/devkitpro/portlibs/switch/lib/libcurl.a(libcurl_la-slist.o)
                0x0000000000008240                Curl_slist_append_nodup
                0x00000000000082a0                curl_slist_append
                0x0000000000008370                Curl_slist_duplicate
                0x0000000000008400                curl_slist_free_all
 *fill*         0x000000000000840c        0x4 
 .text          0x0000000000008410       0x40 /opt/devkitpro/portlibs/switch/lib/libcurl.a(libcurl_la-nonblock.o)
                0x0000000000008410                curlx_nonblock
 .text          0x0000000000008450      0x108 /opt/devkitpro/portlibs/switch/lib/libcurl.a(libcurl_la-warnless.o)
                0x0000000000008450                curlx_ultous
                0x0000000000008460                curlx_ultouc
                0x0000000000008470                curlx_ultosi
                0x0000000000008480                curlx_uztoso
                0x0000000000008490                curlx_uztosi
                0x00000000000084a0                curlx_uztoul
                0x00000000000084b0                curlx_uztoui
                0x00000000000084c0                curlx_sltosi
                0x00000000000084d0                curlx_sltoui
                0x00000000000084e0                curlx_sltous
                0x00000000000084f0                curlx_uztosz
                0x0000000000008500                curlx_sotouz
                0x0000000000008510                curlx_sztosi
                0x0000000000008520                curlx_uitous
                0x0000000000008530                curlx_uitouc
                0x0000000000008540                curlx_uitosi
                0x0000000000008550                curlx_sitouz
 *fill*         0x0000000000008558        0x8 
 .text          0x0000000000008560      0xd4c /opt/devkitpro/portlibs/switch/lib/libcurl.a(libcurl_la-http_proxy.o)
                0x0000000000008560                Curl_connect_complete
                0x0000000000008590                Curl_connect_ongoing
                0x00000000000085c0                Curl_connect_free
                0x0000000000008600                Curl_proxyCONNECT
                0x0000000000009190                Curl_proxy_connect
 *fill*         0x00000000000092ac        0x4 
 .text          0x00000000000092b0      0xa94 /opt/devkitpro/portlibs/switch/lib/libcurl.a(libcurl_la-conncache.o)
                0x0000000000009410                Curl_conncache_init
                0x0000000000009490                Curl_conncache_destroy
                0x00000000000094a0                Curl_conncache_unlock
                0x00000000000094c0                Curl_conncache_size
                0x0000000000009530                Curl_conncache_bundle_size
                0x00000000000095a0                Curl_conncache_find_bundle
                0x0000000000009610                Curl_conncache_add_conn
                0x0000000000009730                Curl_conncache_remove_conn
                0x0000000000009830                Curl_conncache_foreach
                0x0000000000009950                Curl_conncache_find_first_connection
                0x00000000000099b0                Curl_conncache_extract_bundle
                0x0000000000009aa0                Curl_conncache_extract_oldest
                0x0000000000009be0                Curl_conncache_return_conn
                0x0000000000009cc0                Curl_conncache_close_all_connections
 *fill*         0x0000000000009d44        0xc 
 .text          0x0000000000009d50      0x6b8 /opt/devkitpro/portlibs/switch/lib/libcurl.a(libcurl_la-pipeline.o)
                0x0000000000009d80                Curl_pipeline_penalized
                0x0000000000009e90                Curl_add_handle_to_pipeline
                0x0000000000009ef0                Curl_move_handle_from_send_to_recv_pipe
                0x0000000000009f80                Curl_pipeline_site_blacklisted
                0x000000000000a030                Curl_pipeline_set_site_blacklist
                0x000000000000a160                Curl_pipeline_server_blacklisted
                0x000000000000a220                Curl_pipeline_set_server_blacklist
                0x000000000000a2f0                Curl_recvpipe_head
                0x000000000000a330                Curl_sendpipe_head
                0x000000000000a370                Curl_pipeline_checkget_write
                0x000000000000a3b0                Curl_pipeline_checkget_read
                0x000000000000a3f0                Curl_pipeline_leave_write
                0x000000000000a400                Curl_pipeline_leave_read
 *fill*         0x000000000000a408        0x8 
 .text          0x000000000000a410     0x2768 /opt/devkitpro/portlibs/switch/lib/libcurl.a(libcurl_la-mime.o)
                0x000000000000b5f0                Curl_mime_cleanpart
                0x000000000000b6a0                curl_mime_free
                0x000000000000b770                curl_mime_init
                0x000000000000b830                Curl_mime_initpart
                0x000000000000b860                curl_mime_addpart
                0x000000000000b900                curl_mime_name
                0x000000000000b970                curl_mime_filename
                0x000000000000b9e0                curl_mime_data
                0x000000000000bae0                curl_mime_filedata
                0x000000000000bd00                curl_mime_type
                0x000000000000bd70                curl_mime_encoder
                0x000000000000be00                curl_mime_headers
                0x000000000000be80                curl_mime_data_cb
                0x000000000000bf20                Curl_mime_set_subparts
                0x000000000000c070                Curl_mime_duppart
                0x000000000000c2d0                curl_mime_subparts
                0x000000000000c2e0                Curl_mime_read
                0x000000000000c2f0                Curl_mime_rewind
                0x000000000000c310                Curl_mime_size
                0x000000000000c470                Curl_mime_add_header
                0x000000000000c560                Curl_mime_contenttype
                0x000000000000c630                Curl_mime_prepare_headers
 *fill*         0x000000000000cb78        0x8 
 .text          0x000000000000cb80     0x40c0 /opt/devkitpro/portlibs/switch/lib/libcurl.a(libcurl_la-setopt.o)
                0x000000000000cc80                Curl_setstropt
                0x000000000000ccf0                Curl_vsetopt
                0x0000000000010bc0                curl_easy_setopt
 .text          0x0000000000010c40      0x1a4 /opt/devkitpro/portlibs/switch/lib/libcurl.a(libcurl_la-curl_ctype.o)
                0x0000000000010c40                Curl_isspace
                0x0000000000010c70                Curl_isdigit
                0x0000000000010ca0                Curl_isalnum
                0x0000000000010cd0                Curl_isxdigit
                0x0000000000010d00                Curl_isgraph
                0x0000000000010d30                Curl_isprint
                0x0000000000010d60                Curl_isalpha
                0x0000000000010d90                Curl_isupper
                0x0000000000010dc0                Curl_islower
 *fill*         0x0000000000010de4        0xc 
 .text          0x0000000000010df0     0x15c0 /opt/devkitpro/portlibs/switch/lib/libcurl.a(libcurl_la-digest.o)
                0x00000000000114b0                Curl_auth_digest_get_pair
                0x00000000000115e0                Curl_auth_is_digest_supported
                0x00000000000115f0                Curl_auth_create_digest_md5_message
                0x0000000000011d90                Curl_auth_create_digest_http_message
                0x0000000000011e20                Curl_auth_digest_cleanup
                0x0000000000011ec0                Curl_auth_decode_digest_http_message
 .text          0x00000000000123b0      0x144 /opt/devkitpro/portlibs/switch/lib/libcurl.a(libcurl_la-timeval.o)
                0x00000000000123b0                Curl_now
                0x0000000000012420                Curl_timediff
                0x00000000000124a0                Curl_timediff_us
 *fill*         0x00000000000124f4        0xc 
 .text          0x0000000000012500      0x4e0 /opt/devkitpro/portlibs/switch/lib/libcurl.a(libcurl_la-base64.o)
                0x0000000000012750                Curl_base64_decode
                0x00000000000129c0                Curl_base64_encode
                0x00000000000129d0                Curl_base64url_encode
 .text          0x00000000000129e0      0xcdc /opt/devkitpro/portlibs/switch/lib/libcurl.a(libcurl_la-hostip.o)
                0x0000000000012bf0                Curl_global_host_cache_init
                0x0000000000012c70                Curl_global_host_cache_dtor
                0x0000000000012cb0                Curl_num_addresses
                0x0000000000012cd0                Curl_printable_address
                0x0000000000012d00                Curl_hostcache_prune
                0x0000000000012d90                Curl_fetch_addr
                0x0000000000012e20                Curl_cache_addr
                0x0000000000012f50                Curl_resolv
                0x0000000000013100                Curl_resolv_timeout
                0x0000000000013180                Curl_resolv_unlock
                0x0000000000013220                Curl_mk_dnscache
                0x0000000000013240                Curl_hostcache_clean
                0x00000000000132b0                Curl_loadhostpairs
 *fill*         0x00000000000136bc        0x4 
 .text          0x00000000000136c0      0xd58 /opt/devkitpro/portlibs/switch/lib/libcurl.a(libcurl_la-progress.o)
                0x00000000000139a0                Curl_pgrsResetTransferSizes
                0x00000000000139c0                Curl_pgrsTime
                0x0000000000013af0                Curl_pgrsStartNow
                0x0000000000013b40                Curl_pgrsLimitWaitTime
                0x0000000000013c10                Curl_pgrsSetDownloadCounter
                0x0000000000013cb0                Curl_pgrsSetUploadCounter
                0x0000000000013d50                Curl_pgrsSetDownloadSize
                0x0000000000013d80                Curl_pgrsSetUploadSize
                0x0000000000013db0                Curl_pgrsUpdate
                0x00000000000143c0                Curl_pgrsDone
 *fill*         0x0000000000014418        0x8 
 .text          0x0000000000014420     0x1e90 /opt/devkitpro/portlibs/switch/lib/libcurl.a(libcurl_la-cookie.o)
                0x0000000000014900                Curl_cookie_add
                0x0000000000015690                Curl_cookie_getlist
                0x0000000000015b00                Curl_cookie_clearall
                0x0000000000015b50                Curl_cookie_freelist
                0x0000000000015b80                Curl_cookie_clearsess
                0x0000000000015c10                Curl_cookie_cleanup
                0x0000000000015c80                Curl_cookie_init
                0x0000000000015f10                Curl_cookie_loadfiles
                0x0000000000015fb0                Curl_cookie_list
                0x00000000000160b0                Curl_flush_cookies
 .text          0x00000000000162b0     0x44e0 /opt/devkitpro/portlibs/switch/lib/libcurl.a(libcurl_la-http.o)
                0x00000000000163d0                Curl_http_setup_conn
                0x0000000000016860                Curl_http_done
                0x0000000000016a20                Curl_http_connect
                0x0000000000016bc0                Curl_checkProxyheaders
                0x0000000000016c50                Curl_copy_header_value
                0x0000000000016c60                Curl_http_auth_act
                0x0000000000016e50                Curl_http_output_auth
                0x0000000000017120                Curl_http_input_auth
                0x00000000000172e0                Curl_add_buffer_init
                0x0000000000017300                Curl_add_buffer_free
                0x0000000000017340                Curl_add_buffer_send
                0x0000000000017580                Curl_add_buffer
                0x00000000000176c0                Curl_add_bufferf
                0x0000000000017920                Curl_compareheader
                0x0000000000017af0                Curl_add_custom_headers
                0x0000000000017e30                Curl_http
                0x00000000000196e0                Curl_add_timecondition
                0x0000000000019700                Curl_http_readwrite_headers
 .text          0x000000000001a790      0xee8 /opt/devkitpro/portlibs/switch/lib/libcurl.a(libcurl_la-sendf.o)
                0x000000000001a9a0                Curl_recv_has_postponed_data
                0x000000000001a9b0                Curl_write
                0x000000000001aa40                Curl_read_plain
                0x000000000001aab0                Curl_read
                0x000000000001ac40                Curl_debug
                0x000000000001ad60                Curl_infof
                0x000000000001ae40                Curl_failf
                0x000000000001af70                Curl_send_plain
                0x000000000001b050                Curl_write_plain
                0x000000000001b090                Curl_recv_plain
                0x000000000001b160                Curl_client_write
                0x000000000001b520                Curl_sendf
 *fill*         0x000000000001b678        0x8 
 .text          0x000000000001b680     0x4ea0 /opt/devkitpro/portlibs/switch/lib/libcurl.a(libcurl_la-url.o)
                0x000000000001bf20                Curl_freeset
                0x000000000001bfc0                Curl_close
                0x000000000001c1a0                Curl_init_userdefined
                0x000000000001c300                Curl_open
                0x000000000001c440                Curl_disconnect
                0x000000000001cc90                Curl_removeHandleFromPipeline
                0x000000000001ccf0                Curl_getoff_all_pipelines
                0x000000000001ce40                Curl_connected_proxy
                0x000000000001cf60                Curl_verboseconnect
                0x000000000001cfe0                Curl_protocol_getsock
                0x000000000001d000                Curl_doing_getsock
                0x000000000001d020                Curl_protocol_connecting
                0x000000000001d050                Curl_protocol_doing
                0x000000000001d080                Curl_protocol_connect
                0x000000000001d180                Curl_free_request_state
                0x000000000001d1d0                Curl_parse_login_details
                0x000000000001db20                Curl_setup_conn
                0x000000000001dc50                Curl_init_do
                0x000000000001dd20                Curl_connect
 .text          0x0000000000020520      0x574 /opt/devkitpro/portlibs/switch/lib/libcurl.a(libcurl_la-dict.o)
 *fill*         0x0000000000020a94        0xc 
 .text          0x0000000000020aa0      0x164 /opt/devkitpro/portlibs/switch/lib/libcurl.a(libcurl_la-if2ip.o)
                0x0000000000020ba0                Curl_ipv6_scope
                0x0000000000020bb0                Curl_if_is_interface_name
                0x0000000000020be0                Curl_if2ip
 *fill*         0x0000000000020c04        0xc 
 .text          0x0000000000020c10       0xd8 /opt/devkitpro/portlibs/switch/lib/libcurl.a(libcurl_la-speedcheck.o)
                0x0000000000020c10                Curl_speedinit
                0x0000000000020c20                Curl_speedcheck
 *fill*         0x0000000000020ce8        0x8 
 .text          0x0000000000020cf0      0x124 /opt/devkitpro/portlibs/switch/lib/libcurl.a(libcurl_la-version.o)
                0x0000000000020d50                Curl_version_init
                0x0000000000020da0                curl_version
                0x0000000000020dd0                curl_version_info
 *fill*         0x0000000000020e14        0xc 
 .text          0x0000000000020e20       0x38 /opt/devkitpro/portlibs/switch/lib/libcurl.a(libcurl_la-getenv.o)
                0x0000000000020e20                curl_getenv
 *fill*         0x0000000000020e58        0x8 
 .text          0x0000000000020e60      0x460 /opt/devkitpro/portlibs/switch/lib/libcurl.a(libcurl_la-escape.o)
                0x0000000000020e60                curl_easy_escape
                0x0000000000021020                curl_escape
                0x0000000000021030                Curl_urldecode
                0x0000000000021200                curl_easy_unescape
                0x0000000000021290                curl_unescape
                0x00000000000212b0                curl_free
 .text          0x00000000000212c0     0x1a38 /opt/devkitpro/portlibs/switch/lib/libcurl.a(libcurl_la-mprintf.o)
                0x0000000000021470                curl_msnprintf
                0x00000000000227e0                curl_mvsnprintf
                0x0000000000022850                curl_maprintf
                0x0000000000022980                curl_mvaprintf
                0x0000000000022a60                curl_msprintf
                0x0000000000022af0                curl_mprintf
                0x0000000000022b90                curl_mfprintf
                0x0000000000022c20                curl_mvsprintf
                0x0000000000022c70                curl_mvprintf
                0x0000000000022cc0                curl_mvfprintf
 *fill*         0x0000000000022cf8        0x8 
 .text          0x0000000000022d00     0x1b00 /opt/devkitpro/portlibs/switch/lib/libcurl.a(libcurl_la-telnet.o)
 .text          0x0000000000024800      0x370 /opt/devkitpro/portlibs/switch/lib/libcurl.a(libcurl_la-netrc.o)
                0x0000000000024800                Curl_parsenetrc
 .text          0x0000000000024b70      0x818 /opt/devkitpro/portlibs/switch/lib/libcurl.a(libcurl_la-getinfo.o)
                0x0000000000024b70                Curl_initinfo
                0x0000000000024c10                Curl_getinfo
 *fill*         0x0000000000025388        0x8 
 .text          0x0000000000025390     0x2098 /opt/devkitpro/portlibs/switch/lib/libcurl.a(libcurl_la-transfer.o)
                0x00000000000255b0                Curl_checkheaders
                0x0000000000025630                Curl_fillreadbuffer
                0x0000000000025860                Curl_readrewind
                0x0000000000025a00                Curl_meets_timecondition
                0x0000000000025a90                Curl_readwrite
                0x00000000000269c0                Curl_single_getsock
                0x0000000000026a60                Curl_init_CONNECT
                0x0000000000026a80                Curl_pretransfer
                0x0000000000026c40                Curl_posttransfer
                0x0000000000026c50                Curl_follow
                0x00000000000271f0                Curl_retry_request
                0x0000000000027300                Curl_setup_transfer
 *fill*         0x0000000000027428        0x8 
 .text          0x0000000000027430      0x244 /opt/devkitpro/portlibs/switch/lib/libcurl.a(libcurl_la-strcase.o)
                0x0000000000027430                Curl_raw_toupper
                0x0000000000027450                Curl_strcasecompare
                0x0000000000027510                Curl_safe_strcasecompare
                0x0000000000027530                Curl_strncasecompare
                0x0000000000027610                Curl_strntoupper
                0x0000000000027660                curl_strequal
                0x0000000000027670                curl_strnequal
 *fill*         0x0000000000027674        0xc 
 .text          0x0000000000027680       0xb8 /opt/devkitpro/portlibs/switch/lib/libcurl.a(libcurl_la-wildcard.o)
                0x0000000000027680                Curl_wildcard_init
                0x00000000000276c0                Curl_wildcard_dtor
 *fill*         0x0000000000027738        0x8 
 .text          0x0000000000027740      0x4e8 /opt/devkitpro/portlibs/switch/lib/libcurl.a(libcurl_la-http_chunks.o)
                0x0000000000027740                Curl_httpchunk_init
                0x0000000000027750                Curl_httpchunk_read
                0x0000000000027ba0                Curl_chunked_strerror
 *fill*         0x0000000000027c28        0x8 
 .text          0x0000000000027c30      0x21c /opt/devkitpro/portlibs/switch/lib/libcurl.a(libcurl_la-llist.o)
                0x0000000000027c30                Curl_llist_init
                0x0000000000027c40                Curl_llist_insert_next
                0x0000000000027cc0                Curl_llist_remove
                0x0000000000027d50                Curl_llist_destroy
                0x0000000000027da0                Curl_llist_count
                0x0000000000027db0                Curl_llist_move
 *fill*         0x0000000000027e4c        0x4 
 .text          0x0000000000027e50      0x608 /opt/devkitpro/portlibs/switch/lib/libcurl.a(libcurl_la-hash.o)
                0x0000000000027f60                Curl_hash_init
                0x0000000000028040                Curl_hash_add
                0x0000000000028140                Curl_hash_delete
                0x0000000000028200                Curl_hash_pick
                0x00000000000282b0                Curl_hash_destroy
                0x0000000000028320                Curl_hash_clean
                0x0000000000028340                Curl_hash_clean_with_criterium
                0x0000000000028350                Curl_hash_str
                0x0000000000028380                Curl_str_key_compare
                0x00000000000283c0                Curl_hash_start_iterate
                0x00000000000283d0                Curl_hash_next_element
 *fill*         0x0000000000028458        0x8 
 .text          0x0000000000028460      0xea0 /opt/devkitpro/portlibs/switch/lib/libcurl.a(libcurl_la-content_encoding.o)
                0x0000000000028ed0                Curl_all_content_encodings
                0x0000000000029050                Curl_unencode_write
                0x0000000000029070                Curl_unencode_cleanup
                0x00000000000290e0                Curl_build_unencoding_stack
 .text          0x0000000000029300      0x3e0 /opt/devkitpro/portlibs/switch/lib/libcurl.a(libcurl_la-share.o)
                0x0000000000029300                curl_share_init
                0x0000000000029370                curl_share_setopt
                0x0000000000029540                curl_share_cleanup
                0x0000000000029620                Curl_share_lock
                0x0000000000029680                Curl_share_unlock
 .text          0x00000000000296e0      0xef0 /opt/devkitpro/portlibs/switch/lib/libcurl.a(libcurl_la-md5.o)
                0x000000000002a460                Curl_md5it
                0x000000000002a4e0                Curl_MD5_init
                0x000000000002a560                Curl_MD5_update
                0x000000000002a580                Curl_MD5_final
 .text          0x000000000002a5d0       0xdc /opt/devkitpro/portlibs/switch/lib/libcurl.a(libcurl_la-strtoofft.o)
                0x000000000002a5d0                curlx_strtoofft
 *fill*         0x000000000002a6ac        0x4 
 .text          0x000000000002a6b0      0x14c /opt/devkitpro/portlibs/switch/lib/libcurl.a(libcurl_la-hostip4.o)
                0x000000000002a6b0                Curl_ipvalid
                0x000000000002a6c0                Curl_ipv4_resolve_r
                0x000000000002a790                Curl_getaddrinfo
 *fill*         0x000000000002a7fc        0x4 
 .text          0x000000000002a800       0x38 /opt/devkitpro/portlibs/switch/lib/libcurl.a(libcurl_la-hostsyn.o)
                0x000000000002a800                Curl_set_dns_servers
                0x000000000002a810                Curl_set_dns_interface
                0x000000000002a820                Curl_set_dns_local_ip4
                0x000000000002a830                Curl_set_dns_local_ip6
 *fill*         0x000000000002a838        0x8 
 .text          0x000000000002a840      0x658 /opt/devkitpro/portlibs/switch/lib/libcurl.a(libcurl_la-parsedate.o)
                0x000000000002a840                curl_getdate
                0x000000000002ae70                Curl_gmtime
 *fill*         0x000000000002ae98        0x8 
 .text          0x000000000002aea0     0x1954 /opt/devkitpro/portlibs/switch/lib/libcurl.a(libcurl_la-tftp.o)
 *fill*         0x000000000002c7f4        0xc 
 .text          0x000000000002c800      0xe58 /opt/devkitpro/portlibs/switch/lib/libcurl.a(libcurl_la-socks.o)
                0x000000000002c800                Curl_blockread_all
                0x000000000002c920                Curl_SOCKS4
                0x000000000002cdb0                Curl_SOCKS5
 *fill*         0x000000000002d658        0x8 
 .text          0x000000000002d660      0x53c /opt/devkitpro/portlibs/switch/lib/libcurl.a(libcurl_la-curl_addrinfo.o)
                0x000000000002d660                Curl_freeaddrinfo
                0x000000000002d830                Curl_getaddrinfo_ex
                0x000000000002d9e0                Curl_he2ai
                0x000000000002d9f0                Curl_ip2addr
                0x000000000002db30                Curl_str2addr
 *fill*         0x000000000002db9c        0x4 
 .text          0x000000000002dba0       0x48 /opt/devkitpro/portlibs/switch/lib/libcurl.a(libcurl_la-curl_memrchr.o)
                0x000000000002dba0                Curl_memrchr
 *fill*         0x000000000002dbe8        0x8 
 .text          0x000000000002dbf0     0x2414 /opt/devkitpro/portlibs/switch/lib/libcurl.a(libcurl_la-imap.o)
 *fill*         0x0000000000030004        0xc 
 .text          0x0000000000030010     0x12ec /opt/devkitpro/portlibs/switch/lib/libcurl.a(libcurl_la-pop3.o)
                0x0000000000030a00                Curl_pop3_write
 *fill*         0x00000000000312fc        0x4 
 .text          0x0000000000031300     0x1820 /opt/devkitpro/portlibs/switch/lib/libcurl.a(libcurl_la-smtp.o)
                0x00000000000328e0                Curl_smtp_escape_eob
 .text          0x0000000000032b20      0x930 /opt/devkitpro/portlibs/switch/lib/libcurl.a(libcurl_la-pingpong.o)
                0x0000000000032b20                Curl_pp_state_timeout
                0x0000000000032bb0                Curl_pp_statemach
                0x0000000000032d60                Curl_pp_init
                0x0000000000032da0                Curl_pp_vsendf
                0x0000000000032f50                Curl_pp_sendf
                0x0000000000032fd0                Curl_pp_readresp
                0x0000000000033310                Curl_pp_getsock
                0x0000000000033340                Curl_pp_flushsend
                0x00000000000333e0                Curl_pp_disconnect
                0x0000000000033420                Curl_pp_moredata
 .text          0x0000000000033450      0xf40 /opt/devkitpro/portlibs/switch/lib/libcurl.a(libcurl_la-rtsp.o)
                0x0000000000034140                rtsp_connisdead
                0x00000000000341d0                Curl_rtsp_parseheader
 .text          0x0000000000034390       0x54 /opt/devkitpro/portlibs/switch/lib/libcurl.a(libcurl_la-curl_gethostname.o)
                0x0000000000034390                Curl_gethostname
 *fill*         0x00000000000343e4        0xc 
 .text          0x00000000000343f0      0x214 /opt/devkitpro/portlibs/switch/lib/libcurl.a(libcurl_la-gopher.o)
 *fill*         0x0000000000034604        0xc 
 .text          0x0000000000034610      0xaa8 /opt/devkitpro/portlibs/switch/lib/libcurl.a(libcurl_la-curl_sasl.o)
                0x0000000000034610                Curl_sasl_cleanup
                0x0000000000034620                Curl_sasl_decode_mech
                0x0000000000034710                Curl_sasl_parse_url_auth_option
                0x00000000000347e0                Curl_sasl_init
                0x0000000000034800                Curl_sasl_can_authenticate
                0x0000000000034820                Curl_sasl_start
                0x0000000000034bf0                Curl_sasl_continue
 *fill*         0x00000000000350b8        0x8 
 .text          0x00000000000350c0      0x198 /opt/devkitpro/portlibs/switch/lib/libcurl.a(libcurl_la-rand.o)
                0x00000000000350c0                Curl_rand
                0x00000000000351b0                Curl_rand_hex
 *fill*         0x0000000000035258        0x8 
 .text          0x0000000000035260      0x314 /opt/devkitpro/portlibs/switch/lib/libcurl.a(libcurl_la-dotdot.o)
                0x0000000000035260                Curl_dedotdotify
 *fill*         0x0000000000035574        0xc 
 .text          0x0000000000035580      0x440 /opt/devkitpro/portlibs/switch/lib/libcurl.a(libcurl_la-sha256.o)
                0x0000000000035760                Curl_sha256it
 .text          0x00000000000359c0       0xdc /opt/devkitpro/portlibs/switch/lib/libcurl.a(libcurl_la-vauth.o)
                0x00000000000359c0                Curl_auth_build_spn
                0x0000000000035a20                Curl_auth_user_contains_domain
 *fill*         0x0000000000035a9c        0x4 
 .text          0x0000000000035aa0      0x204 /opt/devkitpro/portlibs/switch/lib/libcurl.a(libcurl_la-cleartext.o)
                0x0000000000035aa0                Curl_auth_create_plain_message
                0x0000000000035bf0                Curl_auth_create_login_message
                0x0000000000035ca0                Curl_auth_create_external_message
 *fill*         0x0000000000035ca4        0xc 
 .text          0x0000000000035cb0      0x234 /opt/devkitpro/portlibs/switch/lib/libcurl.a(libcurl_la-cram.o)
                0x0000000000035cb0                Curl_auth_decode_cram_md5_message
                0x0000000000035d20                Curl_auth_create_cram_md5_message
 *fill*         0x0000000000035ee4        0xc 
 .text          0x0000000000035ef0       0xf0 /opt/devkitpro/portlibs/switch/lib/libcurl.a(libcurl_la-oauth2.o)
                0x0000000000035ef0                Curl_auth_create_oauth_bearer_message
 .text          0x0000000000035fe0      0x2e8 /opt/devkitpro/portlibs/switch/lib/libcurl.a(libcurl_la-vtls.o)
                0x0000000000035fe0                Curl_ssl_config_matches
                0x00000000000360b0                Curl_clone_primary_ssl_config
                0x0000000000036220                Curl_free_primary_ssl_config
                0x00000000000362b0                Curl_ssl_backend
                0x00000000000362c0                curl_global_sslset
 *fill*         0x00000000000362c8        0x8 
 .text          0x00000000000362d0      0x80c /opt/devkitpro/portlibs/switch/lib/libcurl.a(libcurl_la-file.o)
 *fill*         0x0000000000036adc        0x4 
 .text          0x0000000000036ae0     0x117c /opt/devkitpro/portlibs/switch/lib/libcurl.a(libcurl_la-formdata.o)
                0x0000000000036e80                curl_formadd
                0x0000000000037a60                curl_formget
                0x0000000000037b60                curl_formfree
                0x0000000000037c10                Curl_getformdata
 *fill*         0x0000000000037c5c        0x4 
 .text          0x0000000000037c60     0x4e64 /opt/devkitpro/portlibs/switch/lib/libcurl.a(libcurl_la-ftp.o)
                0x000000000003a3f0                Curl_GetFTPResponse
                0x000000000003c9e0                Curl_ftpsend
 *fill*         0x000000000003cac4        0xc 
 .text          0x000000000003cad0       0x64 /opt/devkitpro/portlibs/switch/lib/libcurl.a(libcurl_la-fileinfo.o)
                0x000000000003cad0                Curl_fileinfo_alloc
                0x000000000003caf0                Curl_fileinfo_dtor
 *fill*         0x000000000003cb34        0xc 
 .text          0x000000000003cb40     0x1164 /opt/devkitpro/portlibs/switch/lib/libcurl.a(libcurl_la-ftplistparser.o)
                0x000000000003ccb0                Curl_ftp_parselist_data_alloc
                0x000000000003ccd0                Curl_ftp_parselist_data_free
                0x000000000003cd10                Curl_ftp_parselist_geterror
                0x000000000003cd20                Curl_ftp_parselist
 *fill*         0x000000000003dca4        0xc 
 .text          0x000000000003dcb0      0x23c /opt/devkitpro/portlibs/switch/lib/libcurl.a(libcurl_la-hmac.o)
                0x000000000003dcb0                Curl_HMAC_init
                0x000000000003de40                Curl_HMAC_update
                0x000000000003de60                Curl_HMAC_final
 *fill*         0x000000000003deec        0x4 
 .text          0x000000000003def0      0x134 /opt/devkitpro/portlibs/switch/lib/libcurl.a(libcurl_la-curl_range.o)
                0x000000000003def0                Curl_range
 *fill*         0x000000000003e024        0xc 
 .text          0x000000000003e030      0x794 /opt/devkitpro/portlibs/switch/lib/libcurl.a(libcurl_la-curl_fnmatch.o)
                0x000000000003e7a0                Curl_fnmatch
 *fill*         0x000000000003e7c4        0xc 
 .text          0x000000000003e7d0     0x2858 /opt/devkitpro/portlibs/switch/lib/libz.a(inflate.o)
                0x000000000003e980                inflateResetKeep
                0x000000000003ea20                inflateReset
                0x000000000003ea80                inflateReset2
                0x000000000003eb50                inflateInit2_
                0x000000000003ec70                inflateInit_
                0x000000000003ec80                inflatePrime
                0x000000000003ed20                inflate
                0x0000000000040660                inflateEnd
                0x00000000000406e0                inflateGetDictionary
                0x00000000000407c0                inflateSetDictionary
                0x00000000000408c0                inflateGetHeader
                0x0000000000040920                inflateSync
                0x0000000000040bf0                inflateSyncPoint
                0x0000000000040c60                inflateCopy
                0x0000000000040e80                inflateUndermine
                0x0000000000040ee0                inflateValidate
                0x0000000000040f40                inflateMark
                0x0000000000040fd0                inflateCodesUsed
 *fill*         0x0000000000041028        0x8 
 .text          0x0000000000041030      0x480 /opt/devkitpro/portlibs/switch/lib/libz.a(inftrees.o)
                0x0000000000041030                inflate_table
 .text          0x00000000000414b0       0x58 /opt/devkitpro/portlibs/switch/lib/libz.a(zutil.o)
                0x00000000000414b0                zlibVersion
                0x00000000000414c0                zlibCompileFlags
                0x00000000000414d0                zError
                0x00000000000414f0                zcalloc
                0x0000000000041500                zcfree
 *fill*         0x0000000000041508        0x8 
 .text          0x0000000000041510      0x4b4 /opt/devkitpro/portlibs/switch/lib/libz.a(adler32.o)
                0x0000000000041600                adler32_z
                0x00000000000419a0                adler32
                0x00000000000419b0                adler32_combine
                0x00000000000419c0                adler32_combine64
 *fill*         0x00000000000419c4        0xc 
 .text          0x00000000000419d0      0x524 /opt/devkitpro/portlibs/switch/lib/libz.a(crc32.o)
                0x0000000000041bb0                get_crc_table
                0x0000000000041bc0                crc32_z
                0x0000000000041ed0                crc32
                0x0000000000041ee0                crc32_combine
                0x0000000000041ef0                crc32_combine64
 *fill*         0x0000000000041ef4        0xc 
 .text          0x0000000000041f00      0x500 /opt/devkitpro/portlibs/switch/lib/libz.a(inffast.o)
                0x0000000000041f00                inflate_fast
 .text.ipcParse
                0x0000000000042400      0x22c /opt/devkitpro/libnx/lib/libnx.a(applet.o)
 *fill*         0x000000000004262c        0x4 
 .text.ipcCloseObjectById
                0x0000000000042630       0x34 /opt/devkitpro/libnx/lib/libnx.a(applet.o)
 *fill*         0x0000000000042664        0xc 
 .text._appletGetSession
                0x0000000000042670      0x1d8 /opt/devkitpro/libnx/lib/libnx.a(applet.o)
 *fill*         0x0000000000042848        0x8 
 .text._appletReceiveMessage
                0x0000000000042850      0x19c /opt/devkitpro/libnx/lib/libnx.a(applet.o)
 *fill*         0x00000000000429ec        0x4 
 .text._appletGetPerformanceMode.constprop.35
                0x00000000000429f0      0x18c /opt/devkitpro/libnx/lib/libnx.a(applet.o)
 *fill*         0x0000000000042b7c        0x4 
 .text._appletSetOperationModeChangedNotification.constprop.37
                0x0000000000042b80      0x164 /opt/devkitpro/libnx/lib/libnx.a(applet.o)
 *fill*         0x0000000000042ce4        0xc 
 .text._appletSetPerformanceModeChangedNotification.constprop.38
                0x0000000000042cf0      0x164 /opt/devkitpro/libnx/lib/libnx.a(applet.o)
 *fill*         0x0000000000042e54        0xc 
 .text._appletSetOutOfFocusSuspendingEnabled
                0x0000000000042e60      0x16c /opt/devkitpro/libnx/lib/libnx.a(applet.o)
 *fill*         0x0000000000042fcc        0x4 
 .text._appletGetHandle.constprop.33
                0x0000000000042fd0      0x178 /opt/devkitpro/libnx/lib/libnx.a(applet.o)
 *fill*         0x0000000000043148        0x8 
 .text._appletGetEvent.constprop.32
                0x0000000000043150       0x54 /opt/devkitpro/libnx/lib/libnx.a(applet.o)
 *fill*         0x00000000000431a4        0xc 
 .text._appletWaitLibraryAppletLaunchableEvent
                0x00000000000431b0       0x50 /opt/devkitpro/libnx/lib/libnx.a(applet.o)
 .text._appletSetFocusHandlingMode
                0x0000000000043200      0x17c /opt/devkitpro/libnx/lib/libnx.a(applet.o)
 *fill*         0x000000000004337c        0x4 
 .text._appletCmdInSession
                0x0000000000043380      0x1d8 /opt/devkitpro/libnx/lib/libnx.a(applet.o)
 *fill*         0x0000000000043558        0x8 
 .text._appletGetSessionIn64.constprop.30
                0x0000000000043560      0x1c4 /opt/devkitpro/libnx/lib/libnx.a(applet.o)
 *fill*         0x0000000000043724        0xc 
 .text._appletGetSessionProxy.constprop.31
                0x0000000000043730      0x1f0 /opt/devkitpro/libnx/lib/libnx.a(applet.o)
 .text._appletCreateLibraryApplet
                0x0000000000043920      0x1c4 /opt/devkitpro/libnx/lib/libnx.a(applet.o)
 *fill*         0x0000000000043ae4        0xc 
 .text._appletCreateTransferMemoryStorage.isra.20
                0x0000000000043af0      0x1e4 /opt/devkitpro/libnx/lib/libnx.a(applet.o)
 *fill*         0x0000000000043cd4        0xc 
 .text._appletStorageAccessorRW
                0x0000000000043ce0      0x3f8 /opt/devkitpro/libnx/lib/libnx.a(applet.o)
 *fill*         0x00000000000440d8        0x8 
 .text.ipcConvertSessionToDomain
                0x00000000000440e0       0xc4 /opt/devkitpro/libnx/lib/libnx.a(applet.o)
 *fill*         0x00000000000441a4        0xc 
 .text.ipcQueryPointerBufferSize
                0x00000000000441b0       0xc8 /opt/devkitpro/libnx/lib/libnx.a(applet.o)
 *fill*         0x0000000000044278        0x8 
 .text._appletStorageRW
                0x0000000000044280      0x108 /opt/devkitpro/libnx/lib/libnx.a(applet.o)
 *fill*         0x0000000000044388        0x8 
 .text.ipcCloneSession.constprop.42
                0x0000000000044390      0x10c /opt/devkitpro/libnx/lib/libnx.a(applet.o)
 *fill*         0x000000000004449c        0x4 
 .text._appletCmdNoIO
                0x00000000000444a0      0x384 /opt/devkitpro/libnx/lib/libnx.a(applet.o)
 *fill*         0x0000000000044824        0xc 
 .text._appletCmdNoInOut64
                0x0000000000044830      0x394 /opt/devkitpro/libnx/lib/libnx.a(applet.o)
 *fill*         0x0000000000044bc4        0xc 
 .text._appletGetCurrentFocusState.constprop.36
                0x0000000000044bd0      0x3ac /opt/devkitpro/libnx/lib/libnx.a(applet.o)
 *fill*         0x0000000000044f7c        0x4 
 .text._appletGetOperationMode.constprop.34
                0x0000000000044f80      0x3ac /opt/devkitpro/libnx/lib/libnx.a(applet.o)
 *fill*         0x000000000004532c        0x4 
 .text.appletGetAppletType
                0x0000000000045330       0x10 /opt/devkitpro/libnx/lib/libnx.a(applet.o)
                0x0000000000045330                appletGetAppletType
 .text.appletGetThemeColorType
                0x0000000000045340        0xc /opt/devkitpro/libnx/lib/libnx.a(applet.o)
                0x0000000000045340                appletGetThemeColorType
 *fill*         0x000000000004534c        0x4 
 .text.appletSetFocusHandlingMode
                0x0000000000045350       0xec /opt/devkitpro/libnx/lib/libnx.a(applet.o)
                0x0000000000045350                appletSetFocusHandlingMode
 *fill*         0x000000000004543c        0x4 
 .text.appletGetAppletResourceUserId
                0x0000000000045440       0x28 /opt/devkitpro/libnx/lib/libnx.a(applet.o)
                0x0000000000045440                appletGetAppletResourceUserId
 *fill*         0x0000000000045468        0x8 
 .text._appletGetIndirectLayerConsumerHandle
                0x0000000000045470      0x190 /opt/devkitpro/libnx/lib/libnx.a(applet.o)
 .text._appletHolderCreate
                0x0000000000045600       0xbc /opt/devkitpro/libnx/lib/libnx.a(applet.o)
 *fill*         0x00000000000456bc        0x4 
 .text.appletEndBlockingHomeButton
                0x00000000000456c0       0x38 /opt/devkitpro/libnx/lib/libnx.a(applet.o)
                0x00000000000456c0                appletEndBlockingHomeButton
 *fill*         0x00000000000456f8        0x8 
 .text.appletNotifyRunning
                0x0000000000045700      0x1b0 /opt/devkitpro/libnx/lib/libnx.a(applet.o)
                0x0000000000045700                appletNotifyRunning
 .text.appletSetGamePlayRecordingState
                0x00000000000458b0      0x1a8 /opt/devkitpro/libnx/lib/libnx.a(applet.o)
                0x00000000000458b0                appletSetGamePlayRecordingState
 *fill*         0x0000000000045a58        0x8 
 .text.appletExit
                0x0000000000045a60      0x69c /opt/devkitpro/libnx/lib/libnx.a(applet.o)
                0x0000000000045a60                appletExit
 *fill*         0x00000000000460fc        0x4 
 .text.appletInitialize
                0x0000000000046100      0x4f0 /opt/devkitpro/libnx/lib/libnx.a(applet.o)
                0x0000000000046100                appletInitialize
 .text._appletExitProcess
                0x00000000000465f0       0x10 /opt/devkitpro/libnx/lib/libnx.a(applet.o)
 .text.appletCreateManagedDisplayLayer
                0x0000000000046600       0x14 /opt/devkitpro/libnx/lib/libnx.a(applet.o)
                0x0000000000046600                appletCreateManagedDisplayLayer
 *fill*         0x0000000000046614        0xc 
 .text.appletCreateLibraryApplet
                0x0000000000046620        0x8 /opt/devkitpro/libnx/lib/libnx.a(applet.o)
                0x0000000000046620                appletCreateLibraryApplet
 *fill*         0x0000000000046628        0x8 
 .text.appletHolderClose
                0x0000000000046630       0x94 /opt/devkitpro/libnx/lib/libnx.a(applet.o)
                0x0000000000046630                appletHolderClose
 *fill*         0x00000000000466c4        0xc 
 .text.appletHolderStart
                0x00000000000466d0       0x50 /opt/devkitpro/libnx/lib/libnx.a(applet.o)
                0x00000000000466d0                appletHolderStart
 .text.appletHolderJoin
                0x0000000000046720       0x84 /opt/devkitpro/libnx/lib/libnx.a(applet.o)
                0x0000000000046720                appletHolderJoin
 *fill*         0x00000000000467a4        0xc 
 .text.appletHolderGetExitReason
                0x00000000000467b0        0x8 /opt/devkitpro/libnx/lib/libnx.a(applet.o)
                0x00000000000467b0                appletHolderGetExitReason
 *fill*         0x00000000000467b8        0x8 
 .text.appletHolderWaitInteractiveOut
                0x00000000000467c0       0x88 /opt/devkitpro/libnx/lib/libnx.a(applet.o)
                0x00000000000467c0                appletHolderWaitInteractiveOut
 *fill*         0x0000000000046848        0x8 
 .text.appletHolderPopOutData
                0x0000000000046850       0x18 /opt/devkitpro/libnx/lib/libnx.a(applet.o)
                0x0000000000046850                appletHolderPopOutData
 *fill*         0x0000000000046868        0x8 
 .text.appletHolderPopInteractiveOutData
                0x0000000000046870       0x18 /opt/devkitpro/libnx/lib/libnx.a(applet.o)
                0x0000000000046870                appletHolderPopInteractiveOutData
 *fill*         0x0000000000046888        0x8 
 .text.appletCreateStorage
                0x0000000000046890       0x14 /opt/devkitpro/libnx/lib/libnx.a(applet.o)
                0x0000000000046890                appletCreateStorage
 *fill*         0x00000000000468a4        0xc 
 .text.appletCreateTransferMemoryStorage
                0x00000000000468b0       0xa8 /opt/devkitpro/libnx/lib/libnx.a(applet.o)
                0x00000000000468b0                appletCreateTransferMemoryStorage
 *fill*         0x0000000000046958        0x8 
 .text.appletStorageClose
                0x0000000000046960       0x6c /opt/devkitpro/libnx/lib/libnx.a(applet.o)
                0x0000000000046960                appletStorageClose
 *fill*         0x00000000000469cc        0x4 
 .text.appletHolderPushInteractiveInData
                0x00000000000469d0       0x40 /opt/devkitpro/libnx/lib/libnx.a(applet.o)
                0x00000000000469d0                appletHolderPushInteractiveInData
 .text.appletHolderPushInData
                0x0000000000046a10       0x40 /opt/devkitpro/libnx/lib/libnx.a(applet.o)
                0x0000000000046a10                appletHolderPushInData
 .text.appletStorageCloseTmem
                0x0000000000046a50        0x8 /opt/devkitpro/libnx/lib/libnx.a(applet.o)
                0x0000000000046a50                appletStorageCloseTmem
 *fill*         0x0000000000046a58        0x8 
 .text.appletStorageWrite
                0x0000000000046a60        0x8 /opt/devkitpro/libnx/lib/libnx.a(applet.o)
                0x0000000000046a60                appletStorageWrite
 *fill*         0x0000000000046a68        0x8 
 .text.appletStorageRead
                0x0000000000046a70        0x8 /opt/devkitpro/libnx/lib/libnx.a(applet.o)
                0x0000000000046a70                appletStorageRead
 *fill*         0x0000000000046a78        0x8 
 .text.appletMainLoop
                0x0000000000046a80      0x17c /opt/devkitpro/libnx/lib/libnx.a(applet.o)
                0x0000000000046a80                appletMainLoop
 *fill*         0x0000000000046bfc        0x4 
 .text.ipcCloseObjectById
                0x0000000000046c00       0x34 /opt/devkitpro/libnx/lib/libnx.a(hid.o)
 *fill*         0x0000000000046c34        0xc 
 .text._hidGetSharedMemoryHandle.constprop.10
                0x0000000000046c40      0x124 /opt/devkitpro/libnx/lib/libnx.a(hid.o)
 *fill*         0x0000000000046d64        0xc 
 .text._hidCreateAppletResource.constprop.9
                0x0000000000046d70      0x134 /opt/devkitpro/libnx/lib/libnx.a(hid.o)
 *fill*         0x0000000000046ea4        0xc 
 .text._hidCmdWithNoInput
                0x0000000000046eb0      0x100 /opt/devkitpro/libnx/lib/libnx.a(hid.o)
 .text._hidCmdWithInputU32
                0x0000000000046fb0      0x10c /opt/devkitpro/libnx/lib/libnx.a(hid.o)
 *fill*         0x00000000000470bc        0x4 
 .text._hidCmdWithInputU64.constprop.11
                0x00000000000470c0      0x108 /opt/devkitpro/libnx/lib/libnx.a(hid.o)
 *fill*         0x00000000000471c8        0x8 
 .text.hidReset
                0x00000000000471d0      0x1d0 /opt/devkitpro/libnx/lib/libnx.a(hid.o)
                0x00000000000471d0                hidReset
 .text.hidGetSharedmemAddr
                0x00000000000473a0        0xc /opt/devkitpro/libnx/lib/libnx.a(hid.o)
                0x00000000000473a0                hidGetSharedmemAddr
 *fill*         0x00000000000473ac        0x4 
 .text.hidKeysDown
                0x00000000000473b0       0x6c /opt/devkitpro/libnx/lib/libnx.a(hid.o)
                0x00000000000473b0                hidKeysDown
 *fill*         0x000000000004741c        0x4 
 .text.hidTouchCount
                0x0000000000047420        0xc /opt/devkitpro/libnx/lib/libnx.a(hid.o)
                0x0000000000047420                hidTouchCount
 *fill*         0x000000000004742c        0x4 
 .text.hidScanInput
                0x0000000000047430      0x560 /opt/devkitpro/libnx/lib/libnx.a(hid.o)
                0x0000000000047430                hidScanInput
 .text.hidSetSupportedNpadIdType
                0x0000000000047990      0x198 /opt/devkitpro/libnx/lib/libnx.a(hid.o)
                0x0000000000047990                hidSetSupportedNpadIdType
 *fill*         0x0000000000047b28        0x8 
 .text.hidSetSupportedNpadStyleSet
                0x0000000000047b30        0xc /opt/devkitpro/libnx/lib/libnx.a(hid.o)
                0x0000000000047b30                hidSetSupportedNpadStyleSet
 *fill*         0x0000000000047b3c        0x4 
 .text.hidSetNpadJoyHoldType
                0x0000000000047b40        0x8 /opt/devkitpro/libnx/lib/libnx.a(hid.o)
                0x0000000000047b40                hidSetNpadJoyHoldType
 *fill*         0x0000000000047b48        0x8 
 .text.hidSetNpadJoyAssignmentModeDual
                0x0000000000047b50        0xc /opt/devkitpro/libnx/lib/libnx.a(hid.o)
                0x0000000000047b50                hidSetNpadJoyAssignmentModeDual
 *fill*         0x0000000000047b5c        0x4 
 .text.hidExit  0x0000000000047b60      0x12c /opt/devkitpro/libnx/lib/libnx.a(hid.o)
                0x0000000000047b60                hidExit
 *fill*         0x0000000000047c8c        0x4 
 .text.hidInitialize
                0x0000000000047c90      0x168 /opt/devkitpro/libnx/lib/libnx.a(hid.o)
                0x0000000000047c90                hidInitialize
 *fill*         0x0000000000047df8        0x8 
 .text.ipcCloseObjectById
                0x0000000000047e00       0x34 /opt/devkitpro/libnx/lib/libnx.a(apm.o)
 *fill*         0x0000000000047e34        0xc 
 .text._apmGetSession.constprop.4
                0x0000000000047e40      0x124 /opt/devkitpro/libnx/lib/libnx.a(apm.o)
 *fill*         0x0000000000047f64        0xc 
 .text.apmExit  0x0000000000047f70       0xf0 /opt/devkitpro/libnx/lib/libnx.a(apm.o)
                0x0000000000047f70                apmExit
 .text.apmInitialize
                0x0000000000048060       0x8c /opt/devkitpro/libnx/lib/libnx.a(apm.o)
                0x0000000000048060                apmInitialize
 *fill*         0x00000000000480ec        0x4 
 .text.apmSetPerformanceConfiguration
                0x00000000000480f0       0xcc /opt/devkitpro/libnx/lib/libnx.a(apm.o)
                0x00000000000480f0                apmSetPerformanceConfiguration
 *fill*         0x00000000000481bc        0x4 
 .text.smAddOverrideHandle
                0x00000000000481c0       0x44 /opt/devkitpro/libnx/lib/libnx.a(sm.o)
                0x00000000000481c0                smAddOverrideHandle
 *fill*         0x0000000000048204        0xc 
 .text.smGetServiceOverride
                0x0000000000048210       0x60 /opt/devkitpro/libnx/lib/libnx.a(sm.o)
                0x0000000000048210                smGetServiceOverride
 .text.smHasInitialized
                0x0000000000048270       0x14 /opt/devkitpro/libnx/lib/libnx.a(sm.o)
                0x0000000000048270                smHasInitialized
 *fill*         0x0000000000048284        0xc 
 .text.smExit   0x0000000000048290       0x5c /opt/devkitpro/libnx/lib/libnx.a(sm.o)
                0x0000000000048290                smExit
 *fill*         0x00000000000482ec        0x4 
 .text.smEncodeName
                0x00000000000482f0       0x38 /opt/devkitpro/libnx/lib/libnx.a(sm.o)
                0x00000000000482f0                smEncodeName
 *fill*         0x0000000000048328        0x8 
 .text.smGetServiceOriginal
                0x0000000000048330      0x12c /opt/devkitpro/libnx/lib/libnx.a(sm.o)
                0x0000000000048330                smGetServiceOriginal
 *fill*         0x000000000004845c        0x4 
 .text.smInitialize
                0x0000000000048460      0x158 /opt/devkitpro/libnx/lib/libnx.a(sm.o)
                0x0000000000048460                smInitialize
 *fill*         0x00000000000485b8        0x8 
 .text.smGetService
                0x00000000000485c0       0x74 /opt/devkitpro/libnx/lib/libnx.a(sm.o)
                0x00000000000485c0                smGetService
 *fill*         0x0000000000048634        0xc 
 .text._fatalImpl
                0x0000000000048640      0x140 /opt/devkitpro/libnx/lib/libnx.a(fatal.o)
 .text.fatalWithType
                0x0000000000048780       0x14 /opt/devkitpro/libnx/lib/libnx.a(fatal.o)
                0x0000000000048780                fatalWithType
 *fill*         0x0000000000048794        0xc 
 .text.fatalSimple
                0x00000000000487a0       0x14 /opt/devkitpro/libnx/lib/libnx.a(fatal.o)
                0x00000000000487a0                fatalSimple
 *fill*         0x00000000000487b4        0xc 
 .text._swkbdConfigClear
                0x00000000000487c0       0x30 /opt/devkitpro/libnx/lib/libnx.a(swkbd.o)
 .text._swkbdConvertToUTF16.part.0
                0x00000000000487f0       0x48 /opt/devkitpro/libnx/lib/libnx.a(swkbd.o)
 *fill*         0x0000000000048838        0x8 
 .text.swkbdCreate
                0x0000000000048840      0x110 /opt/devkitpro/libnx/lib/libnx.a(swkbd.o)
                0x0000000000048840                swkbdCreate
 .text.swkbdClose
                0x0000000000048950       0x30 /opt/devkitpro/libnx/lib/libnx.a(swkbd.o)
                0x0000000000048950                swkbdClose
 .text.swkbdConfigMakePresetDefault
                0x0000000000048980       0x54 /opt/devkitpro/libnx/lib/libnx.a(swkbd.o)
                0x0000000000048980                swkbdConfigMakePresetDefault
 *fill*         0x00000000000489d4        0xc 
 .text.swkbdConfigSetGuideText
                0x00000000000489e0       0x18 /opt/devkitpro/libnx/lib/libnx.a(swkbd.o)
                0x00000000000489e0                swkbdConfigSetGuideText
 *fill*         0x00000000000489f8        0x8 
 .text.swkbdShow
                0x0000000000048a00      0x390 /opt/devkitpro/libnx/lib/libnx.a(swkbd.o)
                0x0000000000048a00                swkbdShow
 .text.envSetup
                0x0000000000048d90      0x208 /opt/devkitpro/libnx/lib/libnx.a(env.o)
                0x0000000000048d90                envSetup
 *fill*         0x0000000000048f98        0x8 
 .text.envGetMainThreadHandle
                0x0000000000048fa0       0x20 /opt/devkitpro/libnx/lib/libnx.a(env.o)
                0x0000000000048fa0                envGetMainThreadHandle
 .text.envIsNso
                0x0000000000048fc0        0xc /opt/devkitpro/libnx/lib/libnx.a(env.o)
                0x0000000000048fc0                envIsNso
 *fill*         0x0000000000048fcc        0x4 
 .text.envHasHeapOverride
                0x0000000000048fd0       0x14 /opt/devkitpro/libnx/lib/libnx.a(env.o)
                0x0000000000048fd0                envHasHeapOverride
 *fill*         0x0000000000048fe4        0xc 
 .text.envGetHeapOverrideAddr
                0x0000000000048ff0        0xc /opt/devkitpro/libnx/lib/libnx.a(env.o)
                0x0000000000048ff0                envGetHeapOverrideAddr
 *fill*         0x0000000000048ffc        0x4 
 .text.envGetHeapOverrideSize
                0x0000000000049000        0xc /opt/devkitpro/libnx/lib/libnx.a(env.o)
                0x0000000000049000                envGetHeapOverrideSize
 *fill*         0x000000000004900c        0x4 
 .text.envHasArgv
                0x0000000000049010       0x14 /opt/devkitpro/libnx/lib/libnx.a(env.o)
                0x0000000000049010                envHasArgv
 *fill*         0x0000000000049024        0xc 
 .text.envGetArgv
                0x0000000000049030        0xc /opt/devkitpro/libnx/lib/libnx.a(env.o)
                0x0000000000049030                envGetArgv
 *fill*         0x000000000004903c        0x4 
 .text.envGetExitFuncPtr
                0x0000000000049040        0xc /opt/devkitpro/libnx/lib/libnx.a(env.o)
                0x0000000000049040                envGetExitFuncPtr
 *fill*         0x000000000004904c        0x4 
 .text.envSetExitFuncPtr
                0x0000000000049050        0xc /opt/devkitpro/libnx/lib/libnx.a(env.o)
                0x0000000000049050                envSetExitFuncPtr
 *fill*         0x000000000004905c        0x4 
 .text._socketInetAtonDetail
                0x0000000000049060      0x240 /opt/devkitpro/libnx/lib/libnx.a(socket.o)
 .text.inet_pton4
                0x00000000000492a0       0x54 /opt/devkitpro/libnx/lib/libnx.a(socket.o)
 *fill*         0x00000000000492f4        0xc 
 .text._socketParseBsdResult.part.0
                0x0000000000049300       0xa8 /opt/devkitpro/libnx/lib/libnx.a(socket.o)
 *fill*         0x00000000000493a8        0x8 
 .text._socketRead
                0x00000000000493b0       0x48 /opt/devkitpro/libnx/lib/libnx.a(socket.o)
 *fill*         0x00000000000493f8        0x8 
 .text._socketWrite
                0x0000000000049400       0x48 /opt/devkitpro/libnx/lib/libnx.a(socket.o)
 *fill*         0x0000000000049448        0x8 
 .text._socketClose
                0x0000000000049450       0x3c /opt/devkitpro/libnx/lib/libnx.a(socket.o)
 *fill*         0x000000000004948c        0x4 
 .text._socketOpen
                0x0000000000049490       0x7c /opt/devkitpro/libnx/lib/libnx.a(socket.o)
 *fill*         0x000000000004950c        0x4 
 .text.inet_ntop4
                0x0000000000049510      0x110 /opt/devkitpro/libnx/lib/libnx.a(socket.o)
 .text._socketGetFd
                0x0000000000049620       0x80 /opt/devkitpro/libnx/lib/libnx.a(socket.o)
 .text.socketGetDefaultInitConfig
                0x00000000000496a0        0xc /opt/devkitpro/libnx/lib/libnx.a(socket.o)
                0x00000000000496a0                socketGetDefaultInitConfig
 *fill*         0x00000000000496ac        0x4 
 .text.socketExit
                0x00000000000496b0       0x20 /opt/devkitpro/libnx/lib/libnx.a(socket.o)
                0x00000000000496b0                socketExit
 .text.socketInitialize
                0x00000000000496d0      0x108 /opt/devkitpro/libnx/lib/libnx.a(socket.o)
                0x00000000000496d0                socketInitialize
 *fill*         0x00000000000497d8        0x8 
 .text.poll     0x00000000000497e0      0x1bc /opt/devkitpro/libnx/lib/libnx.a(socket.o)
                0x00000000000497e0                poll
 *fill*         0x000000000004999c        0x4 
 .text.socket   0x00000000000499a0       0xa4 /opt/devkitpro/libnx/lib/libnx.a(socket.o)
                0x00000000000499a0                socket
 *fill*         0x0000000000049a44        0xc 
 .text.recv     0x0000000000049a50       0x50 /opt/devkitpro/libnx/lib/libnx.a(socket.o)
                0x0000000000049a50                recv
 .text.recvfrom
                0x0000000000049aa0       0x58 /opt/devkitpro/libnx/lib/libnx.a(socket.o)
                0x0000000000049aa0                recvfrom
 *fill*         0x0000000000049af8        0x8 
 .text.send     0x0000000000049b00       0x50 /opt/devkitpro/libnx/lib/libnx.a(socket.o)
                0x0000000000049b00                send
 .text.sendto   0x0000000000049b50       0x58 /opt/devkitpro/libnx/lib/libnx.a(socket.o)
                0x0000000000049b50                sendto
 *fill*         0x0000000000049ba8        0x8 
 .text.accept   0x0000000000049bb0       0xac /opt/devkitpro/libnx/lib/libnx.a(socket.o)
                0x0000000000049bb0                accept
 *fill*         0x0000000000049c5c        0x4 
 .text.bind     0x0000000000049c60       0x54 /opt/devkitpro/libnx/lib/libnx.a(socket.o)
                0x0000000000049c60                bind
 *fill*         0x0000000000049cb4        0xc 
 .text.connect  0x0000000000049cc0       0x54 /opt/devkitpro/libnx/lib/libnx.a(socket.o)
                0x0000000000049cc0                connect
 *fill*         0x0000000000049d14        0xc 
 .text.getpeername
                0x0000000000049d20       0x4c /opt/devkitpro/libnx/lib/libnx.a(socket.o)
                0x0000000000049d20                getpeername
 *fill*         0x0000000000049d6c        0x4 
 .text.getsockname
                0x0000000000049d70       0x4c /opt/devkitpro/libnx/lib/libnx.a(socket.o)
                0x0000000000049d70                getsockname
 *fill*         0x0000000000049dbc        0x4 
 .text.getsockopt
                0x0000000000049dc0       0x54 /opt/devkitpro/libnx/lib/libnx.a(socket.o)
                0x0000000000049dc0                getsockopt
 *fill*         0x0000000000049e14        0xc 
 .text.listen   0x0000000000049e20       0x4c /opt/devkitpro/libnx/lib/libnx.a(socket.o)
                0x0000000000049e20                listen
 *fill*         0x0000000000049e6c        0x4 
 .text.setsockopt
                0x0000000000049e70       0x5c /opt/devkitpro/libnx/lib/libnx.a(socket.o)
                0x0000000000049e70                setsockopt
 *fill*         0x0000000000049ecc        0x4 
 .text.fcntl    0x0000000000049ed0       0xd0 /opt/devkitpro/libnx/lib/libnx.a(socket.o)
                0x0000000000049ed0                fcntl
 .text.ioctl    0x0000000000049fa0      0x244 /opt/devkitpro/libnx/lib/libnx.a(socket.o)
                0x0000000000049fa0                ioctl
 *fill*         0x000000000004a1e4        0xc 
 .text.inet_ntop
                0x000000000004a1f0      0x378 /opt/devkitpro/libnx/lib/libnx.a(socket.o)
                0x000000000004a1f0                inet_ntop
 *fill*         0x000000000004a568        0x8 
 .text.inet_pton
                0x000000000004a570      0x280 /opt/devkitpro/libnx/lib/libnx.a(socket.o)
                0x000000000004a570                inet_pton
 .text.freeaddrinfo
                0x000000000004a7f0       0x30 /opt/devkitpro/libnx/lib/libnx.a(socket.o)
                0x000000000004a7f0                freeaddrinfo
 .text.getaddrinfo
                0x000000000004a820      0x510 /opt/devkitpro/libnx/lib/libnx.a(socket.o)
                0x000000000004a820                getaddrinfo
 .text.gethostid
                0x000000000004ad30       0x2c /opt/devkitpro/libnx/lib/libnx.a(socket.o)
                0x000000000004ad30                gethostid
 *fill*         0x000000000004ad5c        0x4 
 .text.gethostname
                0x000000000004ad60       0x38 /opt/devkitpro/libnx/lib/libnx.a(socket.o)
                0x000000000004ad60                gethostname
 *fill*         0x000000000004ad98        0x8 
 .text.consoleDrawChar
                0x000000000004ada0       0x44 /opt/devkitpro/libnx/lib/libnx.a(console.o)
 *fill*         0x000000000004ade4        0xc 
 .text.consoleClearLine
                0x000000000004adf0      0x140 /opt/devkitpro/libnx/lib/libnx.a(console.o)
 .text.consoleNewRow
                0x000000000004af30       0x4c /opt/devkitpro/libnx/lib/libnx.a(console.o)
 *fill*         0x000000000004af7c        0x4 
 .text.consolePrintChar
                0x000000000004af80      0x118 /opt/devkitpro/libnx/lib/libnx.a(console.o)
 *fill*         0x000000000004b098        0x8 
 .text.consoleCls
                0x000000000004b0a0      0x15c /opt/devkitpro/libnx/lib/libnx.a(console.o)
 *fill*         0x000000000004b1fc        0x4 
 .text.con_write
                0x000000000004b200      0x7e0 /opt/devkitpro/libnx/lib/libnx.a(console.o)
 .text.consoleInit
                0x000000000004b9e0      0x11c /opt/devkitpro/libnx/lib/libnx.a(console.o)
                0x000000000004b9e0                consoleInit
 *fill*         0x000000000004bafc        0x4 
 .text.consoleExit
                0x000000000004bb00       0x48 /opt/devkitpro/libnx/lib/libnx.a(console.o)
                0x000000000004bb00                consoleExit
 *fill*         0x000000000004bb48        0x8 
 .text.consoleUpdate
                0x000000000004bb50       0x28 /opt/devkitpro/libnx/lib/libnx.a(console.o)
                0x000000000004bb50                consoleUpdate
 *fill*         0x000000000004bb78        0x8 
 .text.consoleClear
                0x000000000004bb80        0xc /opt/devkitpro/libnx/lib/libnx.a(console.o)
                0x000000000004bb80                consoleClear
 *fill*         0x000000000004bb8c        0x4 
 .text.ConsoleSwRenderer_flushAndSwap
                0x000000000004bb90       0x70 /opt/devkitpro/libnx/lib/libnx.a(console_sw.o)
 .text.ConsoleSwRenderer_scrollWindow
                0x000000000004bc00       0xc4 /opt/devkitpro/libnx/lib/libnx.a(console_sw.o)
 *fill*         0x000000000004bcc4        0xc 
 .text.ConsoleSwRenderer_drawChar
                0x000000000004bcd0      0x188 /opt/devkitpro/libnx/lib/libnx.a(console_sw.o)
 *fill*         0x000000000004be58        0x8 
 .text.ConsoleSwRenderer_deinit
                0x000000000004be60       0x3c /opt/devkitpro/libnx/lib/libnx.a(console_sw.o)
 *fill*         0x000000000004be9c        0x4 
 .text.ConsoleSwRenderer_init
                0x000000000004bea0       0xf4 /opt/devkitpro/libnx/lib/libnx.a(console_sw.o)
 *fill*         0x000000000004bf94        0xc 
 .text.getDefaultConsoleRenderer
                0x000000000004bfa0        0xc /opt/devkitpro/libnx/lib/libnx.a(console_sw.o)
                0x000000000004bfa0                getDefaultConsoleRenderer
 *fill*         0x000000000004bfac        0x4 
 .text._convert_errno
                0x000000000004bfb0       0x30 /opt/devkitpro/libnx/lib/libnx.a(convert_errno.o)
                0x000000000004bfb0                _convert_errno
 .text.utf8_to_utf16
                0x000000000004bfe0      0x10c /opt/devkitpro/libnx/lib/libnx.a(utf8_to_utf16.o)
                0x000000000004bfe0                utf8_to_utf16
 *fill*         0x000000000004c0ec        0x4 
 .text.decode_utf8
                0x000000000004c0f0      0x12c /opt/devkitpro/libnx/lib/libnx.a(decode_utf8.o)
                0x000000000004c0f0                decode_utf8
 *fill*         0x000000000004c21c        0x4 
 .text.utf16_to_utf8
                0x000000000004c220      0x138 /opt/devkitpro/libnx/lib/libnx.a(utf16_to_utf8.o)
                0x000000000004c220                utf16_to_utf8
 .text.svcSetHeapSize
                0x000000000004c358       0x14 /opt/devkitpro/libnx/lib/libnx.a(svc.o)
                0x000000000004c358                svcSetHeapSize
 .text.svcSetMemoryAttribute
                0x000000000004c36c        0x8 /opt/devkitpro/libnx/lib/libnx.a(svc.o)
                0x000000000004c36c                svcSetMemoryAttribute
 .text.svcUnmapMemory
                0x000000000004c374        0x8 /opt/devkitpro/libnx/lib/libnx.a(svc.o)
                0x000000000004c374                svcUnmapMemory
 .text.svcQueryMemory
                0x000000000004c37c       0x14 /opt/devkitpro/libnx/lib/libnx.a(svc.o)
                0x000000000004c37c                svcQueryMemory
 .text.svcExitProcess
                0x000000000004c390        0x8 /opt/devkitpro/libnx/lib/libnx.a(svc.o)
                0x000000000004c390                svcExitProcess
 .text.svcSleepThread
                0x000000000004c398        0x8 /opt/devkitpro/libnx/lib/libnx.a(svc.o)
                0x000000000004c398                svcSleepThread
 .text.svcMapSharedMemory
                0x000000000004c3a0        0x8 /opt/devkitpro/libnx/lib/libnx.a(svc.o)
                0x000000000004c3a0                svcMapSharedMemory
 .text.svcUnmapSharedMemory
                0x000000000004c3a8        0x8 /opt/devkitpro/libnx/lib/libnx.a(svc.o)
                0x000000000004c3a8                svcUnmapSharedMemory
 .text.svcCreateTransferMemory
                0x000000000004c3b0       0x14 /opt/devkitpro/libnx/lib/libnx.a(svc.o)
                0x000000000004c3b0                svcCreateTransferMemory
 .text.svcCloseHandle
                0x000000000004c3c4        0x8 /opt/devkitpro/libnx/lib/libnx.a(svc.o)
                0x000000000004c3c4                svcCloseHandle
 .text.svcResetSignal
                0x000000000004c3cc        0x8 /opt/devkitpro/libnx/lib/libnx.a(svc.o)
                0x000000000004c3cc                svcResetSignal
 .text.svcWaitSynchronization
                0x000000000004c3d4       0x14 /opt/devkitpro/libnx/lib/libnx.a(svc.o)
                0x000000000004c3d4                svcWaitSynchronization
 .text.svcArbitrateLock
                0x000000000004c3e8        0x8 /opt/devkitpro/libnx/lib/libnx.a(svc.o)
                0x000000000004c3e8                svcArbitrateLock
 .text.svcArbitrateUnlock
                0x000000000004c3f0        0x8 /opt/devkitpro/libnx/lib/libnx.a(svc.o)
                0x000000000004c3f0                svcArbitrateUnlock
 .text.svcConnectToNamedPort
                0x000000000004c3f8       0x14 /opt/devkitpro/libnx/lib/libnx.a(svc.o)
                0x000000000004c3f8                svcConnectToNamedPort
 .text.svcSendSyncRequest
                0x000000000004c40c        0x8 /opt/devkitpro/libnx/lib/libnx.a(svc.o)
                0x000000000004c40c                svcSendSyncRequest
 .text.svcBreak
                0x000000000004c414        0x8 /opt/devkitpro/libnx/lib/libnx.a(svc.o)
                0x000000000004c414                svcBreak
 .text.svcReturnFromException
                0x000000000004c41c        0x8 /opt/devkitpro/libnx/lib/libnx.a(svc.o)
                0x000000000004c41c                svcReturnFromException
 .text.svcGetInfo
                0x000000000004c424       0x14 /opt/devkitpro/libnx/lib/libnx.a(svc.o)
                0x000000000004c424                svcGetInfo
 .text.svcUnmapTransferMemory
                0x000000000004c438        0x8 /opt/devkitpro/libnx/lib/libnx.a(svc.o)
                0x000000000004c438                svcUnmapTransferMemory
 .text.__aarch64_read_tp
                0x000000000004c440        0xc /opt/devkitpro/libnx/lib/libnx.a(readtp.o)
                0x000000000004c440                __aarch64_read_tp
 *fill*         0x000000000004c44c        0x4 
 .text._CacheValues
                0x000000000004c450      0x180 /opt/devkitpro/libnx/lib/libnx.a(detect.o)
 .text.kernelAbove200
                0x000000000004c5d0       0x1c /opt/devkitpro/libnx/lib/libnx.a(detect.o)
                0x000000000004c5d0                kernelAbove200
 *fill*         0x000000000004c5ec        0x4 
 .text.kernelAbove300
                0x000000000004c5f0       0x1c /opt/devkitpro/libnx/lib/libnx.a(detect.o)
                0x000000000004c5f0                kernelAbove300
 *fill*         0x000000000004c60c        0x4 
 .text.kernelAbove400
                0x000000000004c610       0x1c /opt/devkitpro/libnx/lib/libnx.a(detect.o)
                0x000000000004c610                kernelAbove400
 *fill*         0x000000000004c62c        0x4 
 .text.kernelAbove500
                0x000000000004c630       0x1c /opt/devkitpro/libnx/lib/libnx.a(detect.o)
                0x000000000004c630                kernelAbove500
 *fill*         0x000000000004c64c        0x4 
 .text.detectDebugger
                0x000000000004c650       0x30 /opt/devkitpro/libnx/lib/libnx.a(detect.o)
                0x000000000004c650                detectDebugger
 .text.tmemCreate
                0x000000000004c680       0xa8 /opt/devkitpro/libnx/lib/libnx.a(tmem.o)
                0x000000000004c680                tmemCreate
 *fill*         0x000000000004c728        0x8 
 .text.tmemCreateFromMemory
                0x000000000004c730       0x2c /opt/devkitpro/libnx/lib/libnx.a(tmem.o)
                0x000000000004c730                tmemCreateFromMemory
 *fill*         0x000000000004c75c        0x4 
 .text.tmemUnmap
                0x000000000004c760       0x58 /opt/devkitpro/libnx/lib/libnx.a(tmem.o)
                0x000000000004c760                tmemUnmap
 *fill*         0x000000000004c7b8        0x8 
 .text.tmemClose
                0x000000000004c7c0       0x68 /opt/devkitpro/libnx/lib/libnx.a(tmem.o)
                0x000000000004c7c0                tmemClose
 *fill*         0x000000000004c828        0x8 
 .text._waitLoop
                0x000000000004c830      0x104 /opt/devkitpro/libnx/lib/libnx.a(wait.o)
 *fill*         0x000000000004c934        0xc 
 .text._waitObjectsImpl
                0x000000000004c940      0x334 /opt/devkitpro/libnx/lib/libnx.a(wait.o)
 *fill*         0x000000000004cc74        0xc 
 .text.waitObjects
                0x000000000004cc80        0xc /opt/devkitpro/libnx/lib/libnx.a(wait.o)
                0x000000000004cc80                waitObjects
 *fill*         0x000000000004cc8c        0x4 
 .text.rwlockReadLock
                0x000000000004cc90       0x4c /opt/devkitpro/libnx/lib/libnx.a(rwlock.o)
                0x000000000004cc90                rwlockReadLock
 *fill*         0x000000000004ccdc        0x4 
 .text.rwlockReadUnlock
                0x000000000004cce0       0x4c /opt/devkitpro/libnx/lib/libnx.a(rwlock.o)
                0x000000000004cce0                rwlockReadUnlock
 *fill*         0x000000000004cd2c        0x4 
 .text.rwlockWriteLock
                0x000000000004cd30        0x8 /opt/devkitpro/libnx/lib/libnx.a(rwlock.o)
                0x000000000004cd30                rwlockWriteLock
 *fill*         0x000000000004cd38        0x8 
 .text.rwlockWriteUnlock
                0x000000000004cd40        0x8 /opt/devkitpro/libnx/lib/libnx.a(rwlock.o)
                0x000000000004cd40                rwlockWriteUnlock
 *fill*         0x000000000004cd48        0x8 
 .text.mutexLock
                0x000000000004cd50       0x8c /opt/devkitpro/libnx/lib/libnx.a(mutex.o)
                0x000000000004cd50                mutexLock
 *fill*         0x000000000004cddc        0x4 
 .text.mutexUnlock
                0x000000000004cde0       0x30 /opt/devkitpro/libnx/lib/libnx.a(mutex.o)
                0x000000000004cde0                mutexUnlock
 .text.rmutexLock
                0x000000000004ce10       0x4c /opt/devkitpro/libnx/lib/libnx.a(mutex.o)
                0x000000000004ce10                rmutexLock
 *fill*         0x000000000004ce5c        0x4 
 .text.rmutexUnlock
                0x000000000004ce60       0x1c /opt/devkitpro/libnx/lib/libnx.a(mutex.o)
                0x000000000004ce60                rmutexUnlock
 *fill*         0x000000000004ce7c        0x4 
 .text.shmemLoadRemote
                0x000000000004ce80       0x14 /opt/devkitpro/libnx/lib/libnx.a(shmem.o)
                0x000000000004ce80                shmemLoadRemote
 *fill*         0x000000000004ce94        0xc 
 .text.shmemMap
                0x000000000004cea0       0x84 /opt/devkitpro/libnx/lib/libnx.a(shmem.o)
                0x000000000004cea0                shmemMap
 *fill*         0x000000000004cf24        0xc 
 .text.shmemUnmap
                0x000000000004cf30       0x58 /opt/devkitpro/libnx/lib/libnx.a(shmem.o)
                0x000000000004cf30                shmemUnmap
 *fill*         0x000000000004cf88        0x8 
 .text.shmemClose
                0x000000000004cf90       0x44 /opt/devkitpro/libnx/lib/libnx.a(shmem.o)
                0x000000000004cf90                shmemClose
 *fill*         0x000000000004cfd4        0xc 
 .text._GetRegionFromInfo.isra.1
                0x000000000004cfe0       0x7c /opt/devkitpro/libnx/lib/libnx.a(virtmem.o)
 *fill*         0x000000000004d05c        0x4 
 .text.virtmemSetup
                0x000000000004d060      0x114 /opt/devkitpro/libnx/lib/libnx.a(virtmem.o)
                0x000000000004d060                virtmemSetup
 *fill*         0x000000000004d174        0xc 
 .text.virtmemReserve
                0x000000000004d180      0x13c /opt/devkitpro/libnx/lib/libnx.a(virtmem.o)
                0x000000000004d180                virtmemReserve
 *fill*         0x000000000004d2bc        0x4 
 .text.virtmemFree
                0x000000000004d2c0        0x4 /opt/devkitpro/libnx/lib/libnx.a(virtmem.o)
                0x000000000004d2c0                virtmemFree
 *fill*         0x000000000004d2c4        0xc 
 .text.eventLoadRemote
                0x000000000004d2d0        0xc /opt/devkitpro/libnx/lib/libnx.a(event.o)
                0x000000000004d2d0                eventLoadRemote
 *fill*         0x000000000004d2dc        0x4 
 .text.eventWait
                0x000000000004d2e0       0x38 /opt/devkitpro/libnx/lib/libnx.a(event.o)
                0x000000000004d2e0                eventWait
 *fill*         0x000000000004d318        0x8 
 .text.eventClose
                0x000000000004d320       0x50 /opt/devkitpro/libnx/lib/libnx.a(event.o)
                0x000000000004d320                eventClose
 .text.ipcCloseObjectById
                0x000000000004d370       0x34 /opt/devkitpro/libnx/lib/libnx.a(sfdnsres.o)
 *fill*         0x000000000004d3a4        0xc 
 .text._sfdnsresDispatchCommand
                0x000000000004d3b0      0x50c /opt/devkitpro/libnx/lib/libnx.a(sfdnsres.o)
 *fill*         0x000000000004d8bc        0x4 
 .text._sfdnsresDispatchDnsRequest.constprop.4
                0x000000000004d8c0       0x6c /opt/devkitpro/libnx/lib/libnx.a(sfdnsres.o)
 *fill*         0x000000000004d92c        0x4 
 .text.sfdnsresGetAddrInfo
                0x000000000004d930       0xf8 /opt/devkitpro/libnx/lib/libnx.a(sfdnsres.o)
                0x000000000004d930                sfdnsresGetAddrInfo
 *fill*         0x000000000004da28        0x8 
 .text.ipcCloseObjectById
                0x000000000004da30       0x34 /opt/devkitpro/libnx/lib/libnx.a(bsd.o)
 *fill*         0x000000000004da64        0xc 
 .text._bsdRegisterClient.isra.5.constprop.11
                0x000000000004da70      0x120 /opt/devkitpro/libnx/lib/libnx.a(bsd.o)
 .text._bsdDispatchBasicCommand.isra.6
                0x000000000004db90      0x308 /opt/devkitpro/libnx/lib/libnx.a(bsd.o)
 *fill*         0x000000000004de98        0x8 
 .text._bsdSocketCreationCommand
                0x000000000004dea0       0x44 /opt/devkitpro/libnx/lib/libnx.a(bsd.o)
 *fill*         0x000000000004dee4        0xc 
 .text._bsdDispatchCommandWithOutAddrlen.isra.7
                0x000000000004def0       0x44 /opt/devkitpro/libnx/lib/libnx.a(bsd.o)
 *fill*         0x000000000004df34        0xc 
 .text._bsdNameGetterCommand
                0x000000000004df40       0xfc /opt/devkitpro/libnx/lib/libnx.a(bsd.o)
 *fill*         0x000000000004e03c        0x4 
 .text.ipcQueryPointerBufferSize.constprop.10
                0x000000000004e040       0xc8 /opt/devkitpro/libnx/lib/libnx.a(bsd.o)
 *fill*         0x000000000004e108        0x8 
 .text._bsdStartMonitor.constprop.9
                0x000000000004e110       0xf8 /opt/devkitpro/libnx/lib/libnx.a(bsd.o)
 *fill*         0x000000000004e208        0x8 
 .text.bsdExit  0x000000000004e210       0xf0 /opt/devkitpro/libnx/lib/libnx.a(bsd.o)
                0x000000000004e210                bsdExit
 .text.bsdInitialize
                0x000000000004e300      0x14c /opt/devkitpro/libnx/lib/libnx.a(bsd.o)
                0x000000000004e300                bsdInitialize
 *fill*         0x000000000004e44c        0x4 
 .text.bsdSocket
                0x000000000004e450       0x14 /opt/devkitpro/libnx/lib/libnx.a(bsd.o)
                0x000000000004e450                bsdSocket
 *fill*         0x000000000004e464        0xc 
 .text.bsdOpen  0x000000000004e470       0xc4 /opt/devkitpro/libnx/lib/libnx.a(bsd.o)
                0x000000000004e470                bsdOpen
 *fill*         0x000000000004e534        0xc 
 .text.bsdPoll  0x000000000004e540      0x13c /opt/devkitpro/libnx/lib/libnx.a(bsd.o)
                0x000000000004e540                bsdPoll
 *fill*         0x000000000004e67c        0x4 
 .text.bsdRecv  0x000000000004e680       0xfc /opt/devkitpro/libnx/lib/libnx.a(bsd.o)
                0x000000000004e680                bsdRecv
 *fill*         0x000000000004e77c        0x4 
 .text.bsdRecvFrom
                0x000000000004e780      0x198 /opt/devkitpro/libnx/lib/libnx.a(bsd.o)
                0x000000000004e780                bsdRecvFrom
 *fill*         0x000000000004e918        0x8 
 .text.bsdSend  0x000000000004e920       0xbc /opt/devkitpro/libnx/lib/libnx.a(bsd.o)
                0x000000000004e920                bsdSend
 *fill*         0x000000000004e9dc        0x4 
 .text.bsdSendTo
                0x000000000004e9e0      0x1b0 /opt/devkitpro/libnx/lib/libnx.a(bsd.o)
                0x000000000004e9e0                bsdSendTo
 .text.bsdAccept
                0x000000000004eb90       0x14 /opt/devkitpro/libnx/lib/libnx.a(bsd.o)
                0x000000000004eb90                bsdAccept
 *fill*         0x000000000004eba4        0xc 
 .text.bsdBind  0x000000000004ebb0       0xa8 /opt/devkitpro/libnx/lib/libnx.a(bsd.o)
                0x000000000004ebb0                bsdBind
 *fill*         0x000000000004ec58        0x8 
 .text.bsdConnect
                0x000000000004ec60       0xa8 /opt/devkitpro/libnx/lib/libnx.a(bsd.o)
                0x000000000004ec60                bsdConnect
 *fill*         0x000000000004ed08        0x8 
 .text.bsdGetPeerName
                0x000000000004ed10       0x14 /opt/devkitpro/libnx/lib/libnx.a(bsd.o)
                0x000000000004ed10                bsdGetPeerName
 *fill*         0x000000000004ed24        0xc 
 .text.bsdGetSockName
                0x000000000004ed30       0x14 /opt/devkitpro/libnx/lib/libnx.a(bsd.o)
                0x000000000004ed30                bsdGetSockName
 *fill*         0x000000000004ed44        0xc 
 .text.bsdGetSockOpt
                0x000000000004ed50      0x104 /opt/devkitpro/libnx/lib/libnx.a(bsd.o)
                0x000000000004ed50                bsdGetSockOpt
 *fill*         0x000000000004ee54        0xc 
 .text.bsdListen
                0x000000000004ee60       0x40 /opt/devkitpro/libnx/lib/libnx.a(bsd.o)
                0x000000000004ee60                bsdListen
 .text.bsdIoctl
                0x000000000004eea0      0x3bc /opt/devkitpro/libnx/lib/libnx.a(bsd.o)
                0x000000000004eea0                bsdIoctl
 *fill*         0x000000000004f25c        0x4 
 .text.bsdFcntl
                0x000000000004f260       0x90 /opt/devkitpro/libnx/lib/libnx.a(bsd.o)
                0x000000000004f260                bsdFcntl
 .text.bsdSetSockOpt
                0x000000000004f2f0       0xac /opt/devkitpro/libnx/lib/libnx.a(bsd.o)
                0x000000000004f2f0                bsdSetSockOpt
 *fill*         0x000000000004f39c        0x4 
 .text.bsdWrite
                0x000000000004f3a0       0xbc /opt/devkitpro/libnx/lib/libnx.a(bsd.o)
                0x000000000004f3a0                bsdWrite
 *fill*         0x000000000004f45c        0x4 
 .text.bsdRead  0x000000000004f460       0xfc /opt/devkitpro/libnx/lib/libnx.a(bsd.o)
                0x000000000004f460                bsdRead
 *fill*         0x000000000004f55c        0x4 
 .text.bsdClose